
> make@0.1.0 build
> next build

node.exe :  ÔÜá Warning: Next.js 
inferred your workspace root, 
but it may not be correct.
No linha:1 caractere:1
+ & "C:\Program 
Files\nodejs/node.exe" 
"C:\Program Files\nodejs/node_mo 
...
+ ~~~~~~~~~~~~~~~~~~~~~~~~~~~~~~~
~~~~~~~~~~~~~~~~~~~~~~~~~~~~~~~~~
~~~~~
    + CategoryInfo          : No 
   tSpecified: ( ÔÜá Warning: N  
  ...not be correct.:String) [   
 ], RemoteException
    + FullyQualifiedErrorId : Na 
   tiveCommandError
 
 We detected multiple lockfiles 
and selected the directory of 
C:\Users\Arthur De 
Bel\package-lock.json as the 
root directory.
 To silence this warning, set 
`turbopack.root` in your Next.js 
config, or consider removing one 
of the lockfiles if it's not 
needed.
   See https://nextjs.org/docs/ap
p/api-reference/config/next-confi
g-js/turbopack#root-directory 
for more information.
 Detected additional lockfiles: 
   * C:\Users\Arthur De Bel\Deskt
op\jojocolaresbeauty\package-lock
.json

   Ôû▓ Next.js 16.0.4 (Turbopack)

   Creating an optimized production build ...
 Ô£ô Compiled successfully in 4.9s
   Running TypeScript ...
Failed to compile.

./app/agendar/page.tsx:490:45
Type error: Type '"outline" | 
"default"' is not assignable to 
type '"primary" | "secondary" | 
"outline" | "ghost" | undefined'.
  Type '"default"' is not 
assignable to type '"primary" | 
"secondary" | "outline" | 
"ghost" | undefined'.

[0m [90m 488 |[39m            
                             
[33m<[39m[33mButton[39m
 [90m 489 |[39m                
                             
key[33m=[39m{time}
[31m[1m>[22m[39m[90m 490 
|[39m                           
                  
variant[33m=[39m{selectedTime 
[33m===[39m time [33m?[39m 
[32m'default'[39m [33m:[39m 
[32m'outline'[39m}
 [90m     |[39m                
                             
[31m[1m^[22m[39m
 [90m 491 |[39m                
                             
onClick[33m=[39m{() 
[33m=>[39m 
setSelectedTime(time)}
 [90m 492 |[39m                
                             
className[33m=[39m{[32m`h-12 
text-lg ${selectedTime === time 
? 'shadow-md scale-105' : 
'hover:border-primary/50'}`[39m}
 [90m 493 |[39m                
                         
[33m>[39m[0m
Next.js build worker exited with 
code: 1 and signal: null
